Archive member included because of file (symbol)

c:/winavr-20100110/bin/../lib/gcc/avr/4.3.3/avr6\libgcc.a(_mulsi3.o)
                              ./FreeRTOS/Demo/Common/Minimal/integer.o (__mulsi3)
c:/winavr-20100110/bin/../lib/gcc/avr/4.3.3/avr6\libgcc.a(_udivmodhi4.o)
                              ./FreeRTOS/Demo/Common/Minimal/comtest.o (__udivmodhi4)
c:/winavr-20100110/bin/../lib/gcc/avr/4.3.3/avr6\libgcc.a(_udivmodsi4.o)
                              ./serial/serial.o (__udivmodsi4)
c:/winavr-20100110/bin/../lib/gcc/avr/4.3.3/avr6\libgcc.a(_divmodsi4.o)
                              ./FreeRTOS/Demo/Common/Minimal/integer.o (__divmodsi4)
c:/winavr-20100110/bin/../lib/gcc/avr/4.3.3/avr6\libgcc.a(_exit.o)
                              c:/winavr-20100110/bin/../lib/gcc/avr/4.3.3/../../../../avr/lib/avr6/crtm2560.o (exit)
c:/winavr-20100110/bin/../lib/gcc/avr/4.3.3/avr6\libgcc.a(_clear_bss.o)
                              ./serial/serial.o (__do_clear_bss)
c:/winavr-20100110/bin/../lib/gcc/avr/4.3.3/../../../../avr/lib/avr6\libc.a(memcpy.o)
                              ./FreeRTOS/Source/queue.o (memcpy)

Discarded input sections

 .data          0x00000000        0x0 c:/winavr-20100110/bin/../lib/gcc/avr/4.3.3/../../../../avr/lib/avr6/crtm2560.o
 .bss           0x00000000        0x0 c:/winavr-20100110/bin/../lib/gcc/avr/4.3.3/../../../../avr/lib/avr6/crtm2560.o
 .text          0x00000000        0x0 ./serial/serial.o
 .data          0x00000000        0x0 ./serial/serial.o
 .bss           0x00000000        0x0 ./serial/serial.o
 .text.vSerialClose
                0x00000000        0x0 ./serial/serial.o
 .text          0x00000000        0x0 ./RegTest/regtest.o
 .bss           0x00000000        0x0 ./RegTest/regtest.o
 .text          0x00000000        0x0 ./ParTest/ParTest.o
 .data          0x00000000        0x0 ./ParTest/ParTest.o
 .bss           0x00000000        0x0 ./ParTest/ParTest.o
 .text          0x00000000        0x0 ./FreeRTOS/Source/portable/WinAVR/ATmega2560/port.o
 .data          0x00000000        0x0 ./FreeRTOS/Source/portable/WinAVR/ATmega2560/port.o
 .bss           0x00000000        0x0 ./FreeRTOS/Source/portable/WinAVR/ATmega2560/port.o
 .text.vPortEndScheduler
                0x00000000        0x0 ./FreeRTOS/Source/portable/WinAVR/ATmega2560/port.o
 .text          0x00000000        0x0 ./FreeRTOS/Source/portable/MemMang/heap_1.o
 .bss           0x00000000        0x0 ./FreeRTOS/Source/portable/MemMang/heap_1.o
 .text.vPortInitialiseBlocks
                0x00000000        0x0 ./FreeRTOS/Source/portable/MemMang/heap_1.o
 .text.xPortGetFreeHeapSize
                0x00000000        0x0 ./FreeRTOS/Source/portable/MemMang/heap_1.o
 .text          0x00000000        0x0 ./FreeRTOS/Source/croutine.o
 .data          0x00000000        0x0 ./FreeRTOS/Source/croutine.o
 .bss           0x00000000        0x0 ./FreeRTOS/Source/croutine.o
 .text.vCoRoutineSchedule
                0x00000000        0x0 ./FreeRTOS/Source/croutine.o
 .bss.xLastTickCount
                0x00000000        0x0 ./FreeRTOS/Source/croutine.o
 .bss.xPassedTicks
                0x00000000        0x0 ./FreeRTOS/Source/croutine.o
 .text          0x00000000        0x0 ./FreeRTOS/Source/list.o
 .data          0x00000000        0x0 ./FreeRTOS/Source/list.o
 .bss           0x00000000        0x0 ./FreeRTOS/Source/list.o
 .text          0x00000000        0x0 ./FreeRTOS/Source/queue.o
 .bss           0x00000000        0x0 ./FreeRTOS/Source/queue.o
 .text.xQueueCRReceiveFromISR
                0x00000000        0x0 ./FreeRTOS/Source/queue.o
 .text.xQueueCRSendFromISR
                0x00000000        0x0 ./FreeRTOS/Source/queue.o
 .text.xQueueIsQueueFullFromISR
                0x00000000        0x0 ./FreeRTOS/Source/queue.o
 .text.xQueueIsQueueEmptyFromISR
                0x00000000        0x0 ./FreeRTOS/Source/queue.o
 .text.uxQueueMessagesWaitingFromISR
                0x00000000        0x0 ./FreeRTOS/Source/queue.o
 .text.uxQueueSpacesAvailable
                0x00000000        0x0 ./FreeRTOS/Source/queue.o
 .text.xQueuePeekFromISR
                0x00000000        0x0 ./FreeRTOS/Source/queue.o
 .text.vQueueDelete
                0x00000000        0x0 ./FreeRTOS/Source/queue.o
 .text.xQueueGiveFromISR
                0x00000000        0x0 ./FreeRTOS/Source/queue.o
 .text          0x00000000        0x0 ./FreeRTOS/Source/tasks.o
 .bss           0x00000000        0x0 ./FreeRTOS/Source/tasks.o
 .text.xTaskGetTickCountFromISR
                0x00000000        0x0 ./FreeRTOS/Source/tasks.o
 .text.uxTaskGetNumberOfTasks
                0x00000000        0x0 ./FreeRTOS/Source/tasks.o
 .text.uxTaskResetEventItemValue
                0x00000000        0x0 ./FreeRTOS/Source/tasks.o
 .text.xTaskNotifyStateClear
                0x00000000        0x0 ./FreeRTOS/Source/tasks.o
 .text.pcTaskGetName
                0x00000000        0x0 ./FreeRTOS/Source/tasks.o
 .text.vTaskNotifyGiveFromISR
                0x00000000        0x0 ./FreeRTOS/Source/tasks.o
 .text.xTaskGenericNotifyFromISR
                0x00000000        0x0 ./FreeRTOS/Source/tasks.o
 .text.xTaskRemoveFromUnorderedEventList
                0x00000000        0x0 ./FreeRTOS/Source/tasks.o
 .text.xTaskGenericNotify
                0x00000000        0x0 ./FreeRTOS/Source/tasks.o
 .text.xTaskNotifyWait
                0x00000000        0x0 ./FreeRTOS/Source/tasks.o
 .text.ulTaskNotifyTake
                0x00000000        0x0 ./FreeRTOS/Source/tasks.o
 .text.vTaskPlaceOnUnorderedEventList
                0x00000000        0x0 ./FreeRTOS/Source/tasks.o
 .text.vTaskEndScheduler
                0x00000000        0x0 ./FreeRTOS/Source/tasks.o
 .text          0x00000000        0x0 ./FreeRTOS/Demo/Common/Minimal/PollQ.o
 .bss           0x00000000        0x0 ./FreeRTOS/Demo/Common/Minimal/PollQ.o
 .text          0x00000000        0x0 ./FreeRTOS/Demo/Common/Minimal/comtest.o
 .bss           0x00000000        0x0 ./FreeRTOS/Demo/Common/Minimal/comtest.o
 .text          0x00000000        0x0 ./FreeRTOS/Demo/Common/Minimal/crflash.o
 .data          0x00000000        0x0 ./FreeRTOS/Demo/Common/Minimal/crflash.o
 .bss           0x00000000        0x0 ./FreeRTOS/Demo/Common/Minimal/crflash.o
 .text.xAreFlashCoRoutinesStillRunning
                0x00000000        0x0 ./FreeRTOS/Demo/Common/Minimal/crflash.o
 .text          0x00000000        0x0 ./FreeRTOS/Demo/Common/Minimal/integer.o
 .bss           0x00000000        0x0 ./FreeRTOS/Demo/Common/Minimal/integer.o
 .text          0x00000000        0x0 ./main.o
 .bss           0x00000000        0x0 ./main.o
 .text          0x00000000        0x0 c:/winavr-20100110/bin/../lib/gcc/avr/4.3.3/avr6\libgcc.a(_mulsi3.o)
 .data          0x00000000        0x0 c:/winavr-20100110/bin/../lib/gcc/avr/4.3.3/avr6\libgcc.a(_mulsi3.o)
 .bss           0x00000000        0x0 c:/winavr-20100110/bin/../lib/gcc/avr/4.3.3/avr6\libgcc.a(_mulsi3.o)
 .text          0x00000000        0x0 c:/winavr-20100110/bin/../lib/gcc/avr/4.3.3/avr6\libgcc.a(_udivmodhi4.o)
 .data          0x00000000        0x0 c:/winavr-20100110/bin/../lib/gcc/avr/4.3.3/avr6\libgcc.a(_udivmodhi4.o)
 .bss           0x00000000        0x0 c:/winavr-20100110/bin/../lib/gcc/avr/4.3.3/avr6\libgcc.a(_udivmodhi4.o)
 .text          0x00000000        0x0 c:/winavr-20100110/bin/../lib/gcc/avr/4.3.3/avr6\libgcc.a(_udivmodsi4.o)
 .data          0x00000000        0x0 c:/winavr-20100110/bin/../lib/gcc/avr/4.3.3/avr6\libgcc.a(_udivmodsi4.o)
 .bss           0x00000000        0x0 c:/winavr-20100110/bin/../lib/gcc/avr/4.3.3/avr6\libgcc.a(_udivmodsi4.o)
 .text          0x00000000        0x0 c:/winavr-20100110/bin/../lib/gcc/avr/4.3.3/avr6\libgcc.a(_divmodsi4.o)
 .data          0x00000000        0x0 c:/winavr-20100110/bin/../lib/gcc/avr/4.3.3/avr6\libgcc.a(_divmodsi4.o)
 .bss           0x00000000        0x0 c:/winavr-20100110/bin/../lib/gcc/avr/4.3.3/avr6\libgcc.a(_divmodsi4.o)
 .text          0x00000000        0x0 c:/winavr-20100110/bin/../lib/gcc/avr/4.3.3/avr6\libgcc.a(_exit.o)
 .data          0x00000000        0x0 c:/winavr-20100110/bin/../lib/gcc/avr/4.3.3/avr6\libgcc.a(_exit.o)
 .bss           0x00000000        0x0 c:/winavr-20100110/bin/../lib/gcc/avr/4.3.3/avr6\libgcc.a(_exit.o)
 .text.libgcc   0x00000000        0x0 c:/winavr-20100110/bin/../lib/gcc/avr/4.3.3/avr6\libgcc.a(_exit.o)
 .text          0x00000000        0x0 c:/winavr-20100110/bin/../lib/gcc/avr/4.3.3/avr6\libgcc.a(_clear_bss.o)
 .data          0x00000000        0x0 c:/winavr-20100110/bin/../lib/gcc/avr/4.3.3/avr6\libgcc.a(_clear_bss.o)
 .bss           0x00000000        0x0 c:/winavr-20100110/bin/../lib/gcc/avr/4.3.3/avr6\libgcc.a(_clear_bss.o)
 .text.libgcc   0x00000000        0x0 c:/winavr-20100110/bin/../lib/gcc/avr/4.3.3/avr6\libgcc.a(_clear_bss.o)
 .text          0x00000000        0x0 c:/winavr-20100110/bin/../lib/gcc/avr/4.3.3/../../../../avr/lib/avr6\libc.a(memcpy.o)
 .data          0x00000000        0x0 c:/winavr-20100110/bin/../lib/gcc/avr/4.3.3/../../../../avr/lib/avr6\libc.a(memcpy.o)
 .bss           0x00000000        0x0 c:/winavr-20100110/bin/../lib/gcc/avr/4.3.3/../../../../avr/lib/avr6\libc.a(memcpy.o)

Memory Configuration

Name             Origin             Length             Attributes
text             0x00000000         0x00100000         xr
data             0x00800200         0x0000fe00         rw !x
eeprom           0x00810000         0x00010000         rw !x
fuse             0x00820000         0x00000400         rw !x
lock             0x00830000         0x00000400         rw !x
signature        0x00840000         0x00000400         rw !x
*default*        0x00000000         0xffffffff

Linker script and memory map

Address of section .data set to 0x800200
LOAD c:/winavr-20100110/bin/../lib/gcc/avr/4.3.3/../../../../avr/lib/avr6/crtm2560.o
LOAD ./serial/serial.o
LOAD ./RegTest/regtest.o
LOAD ./ParTest/ParTest.o
LOAD ./FreeRTOS/Source/portable/WinAVR/ATmega2560/port.o
LOAD ./FreeRTOS/Source/portable/MemMang/heap_1.o
LOAD ./FreeRTOS/Source/croutine.o
LOAD ./FreeRTOS/Source/list.o
LOAD ./FreeRTOS/Source/queue.o
LOAD ./FreeRTOS/Source/tasks.o
LOAD ./FreeRTOS/Demo/Common/Minimal/PollQ.o
LOAD ./FreeRTOS/Demo/Common/Minimal/comtest.o
LOAD ./FreeRTOS/Demo/Common/Minimal/crflash.o
LOAD ./FreeRTOS/Demo/Common/Minimal/integer.o
LOAD ./main.o
LOAD c:/winavr-20100110/bin/../lib/gcc/avr/4.3.3/avr6\libgcc.a
LOAD c:/winavr-20100110/bin/../lib/gcc/avr/4.3.3/../../../../avr/lib/avr6\libm.a
LOAD c:/winavr-20100110/bin/../lib/gcc/avr/4.3.3/avr6\libgcc.a
LOAD c:/winavr-20100110/bin/../lib/gcc/avr/4.3.3/../../../../avr/lib/avr6\libc.a
LOAD c:/winavr-20100110/bin/../lib/gcc/avr/4.3.3/avr6\libgcc.a

.hash
 *(.hash)

.dynsym
 *(.dynsym)

.dynstr
 *(.dynstr)

.gnu.version
 *(.gnu.version)

.gnu.version_d
 *(.gnu.version_d)

.gnu.version_r
 *(.gnu.version_r)

.rel.init
 *(.rel.init)

.rela.init
 *(.rela.init)

.rel.text
 *(.rel.text)
 *(.rel.text.*)
 *(.rel.gnu.linkonce.t*)

.rela.text
 *(.rela.text)
 *(.rela.text.*)
 *(.rela.gnu.linkonce.t*)

.rel.fini
 *(.rel.fini)

.rela.fini
 *(.rela.fini)

.rel.rodata
 *(.rel.rodata)
 *(.rel.rodata.*)
 *(.rel.gnu.linkonce.r*)

.rela.rodata
 *(.rela.rodata)
 *(.rela.rodata.*)
 *(.rela.gnu.linkonce.r*)

.rel.data
 *(.rel.data)
 *(.rel.data.*)
 *(.rel.gnu.linkonce.d*)

.rela.data
 *(.rela.data)
 *(.rela.data.*)
 *(.rela.gnu.linkonce.d*)

.rel.ctors
 *(.rel.ctors)

.rela.ctors
 *(.rela.ctors)

.rel.dtors
 *(.rel.dtors)

.rela.dtors
 *(.rela.dtors)

.rel.got
 *(.rel.got)

.rela.got
 *(.rela.got)

.rel.bss
 *(.rel.bss)

.rela.bss
 *(.rela.bss)

.rel.plt
 *(.rel.plt)

.rela.plt
 *(.rela.plt)

.text           0x00000000     0x24cc
 *(.vectors)
 .vectors       0x00000000       0xe4 c:/winavr-20100110/bin/../lib/gcc/avr/4.3.3/../../../../avr/lib/avr6/crtm2560.o
                0x00000000                __vectors
                0x00000000                __vector_default
 *(.vectors)
 *(.progmem.gcc*)
 *(.progmem*)
                0x000000e4                . = ALIGN (0x2)
                0x000000e4                __trampolines_start = .
 *(.trampolines)
 .trampolines   0x000000e4        0x0 linker stubs
 *(.trampolines*)
                0x000000e4                __trampolines_end = .
 *(.jumptables)
 *(.jumptables*)
 *(.lowtext)
 *(.lowtext*)
                0x000000e4                __ctors_start = .
 *(.ctors)
                0x000000e4                __ctors_end = .
                0x000000e4                __dtors_start = .
 *(.dtors)
                0x000000e4                __dtors_end = .
 SORT(*)(.ctors)
 SORT(*)(.dtors)
 *(.init0)
 .init0         0x000000e4        0x0 c:/winavr-20100110/bin/../lib/gcc/avr/4.3.3/../../../../avr/lib/avr6/crtm2560.o
                0x000000e4                __init
 *(.init0)
 *(.init1)
 *(.init1)
 *(.init2)
 .init2         0x000000e4       0x10 c:/winavr-20100110/bin/../lib/gcc/avr/4.3.3/../../../../avr/lib/avr6/crtm2560.o
 *(.init2)
 *(.init3)
 *(.init3)
 *(.init4)
 .init4         0x000000f4       0x1a c:/winavr-20100110/bin/../lib/gcc/avr/4.3.3/../../../../avr/lib/avr6/crtm2560.o
                0x000000f4                __do_copy_data
 .init4         0x0000010e       0x10 c:/winavr-20100110/bin/../lib/gcc/avr/4.3.3/avr6\libgcc.a(_clear_bss.o)
                0x0000010e                __do_clear_bss
 *(.init4)
 *(.init5)
 *(.init5)
 *(.init6)
 *(.init6)
 *(.init7)
 *(.init7)
 *(.init8)
 *(.init8)
 *(.init9)
 .init9         0x0000011e        0x8 c:/winavr-20100110/bin/../lib/gcc/avr/4.3.3/../../../../avr/lib/avr6/crtm2560.o
 *(.init9)
 *(.text)
 .text          0x00000126        0x2 c:/winavr-20100110/bin/../lib/gcc/avr/4.3.3/../../../../avr/lib/avr6/crtm2560.o
                0x00000126                __vector_38
                0x00000126                __vector_22
                0x00000126                __vector_28
                0x00000126                __vector_1
                0x00000126                __vector_32
                0x00000126                __vector_34
                0x00000126                __vector_24
                0x00000126                __vector_12
                0x00000126                __vector_55
                0x00000126                __vector_46
                0x00000126                __bad_interrupt
                0x00000126                __vector_6
                0x00000126                __vector_31
                0x00000126                __vector_35
                0x00000126                __vector_39
                0x00000126                __vector_3
                0x00000126                __vector_23
                0x00000126                __vector_30
                0x00000126                __vector_45
                0x00000126                __vector_11
                0x00000126                __vector_54
                0x00000126                __vector_13
                0x00000126                __vector_19
                0x00000126                __vector_56
                0x00000126                __vector_7
                0x00000126                __vector_49
                0x00000126                __vector_41
                0x00000126                __vector_43
                0x00000126                __vector_27
                0x00000126                __vector_5
                0x00000126                __vector_33
                0x00000126                __vector_47
                0x00000126                __vector_52
                0x00000126                __vector_37
                0x00000126                __vector_4
                0x00000126                __vector_44
                0x00000126                __vector_51
                0x00000126                __vector_9
                0x00000126                __vector_2
                0x00000126                __vector_21
                0x00000126                __vector_15
                0x00000126                __vector_36
                0x00000126                __vector_29
                0x00000126                __vector_40
                0x00000126                __vector_8
                0x00000126                __vector_48
                0x00000126                __vector_14
                0x00000126                __vector_53
                0x00000126                __vector_10
                0x00000126                __vector_50
                0x00000126                __vector_16
                0x00000126                __vector_18
                0x00000126                __vector_20
                0x00000126                __vector_42
                0x00000128                . = ALIGN (0x2)
 *(.text.*)
 .text.__vector_26
                0x00000128       0x8c ./serial/serial.o
                0x00000128                __vector_26
 .text.__vector_25
                0x000001b4       0xa0 ./serial/serial.o
                0x000001b4                __vector_25
 .text.xSerialPutChar
                0x00000254       0x3a ./serial/serial.o
                0x00000254                xSerialPutChar
 .text.xSerialGetChar
                0x0000028e       0x12 ./serial/serial.o
                0x0000028e                xSerialGetChar
 .text.xSerialPortInitMinimal
                0x000002a0       0x92 ./serial/serial.o
                0x000002a0                xSerialPortInitMinimal
 .text.xAreRegTestTasksStillRunning
                0x00000332       0x10 ./RegTest/regtest.o
                0x00000332                xAreRegTestTasksStillRunning
 .text.prvRegisterCheck1
                0x00000342      0x144 ./RegTest/regtest.o
 .text.prvRegisterCheck2
                0x00000486      0x144 ./RegTest/regtest.o
 .text.vStartRegTestTasks
                0x000005ca       0x3c ./RegTest/regtest.o
                0x000005ca                vStartRegTestTasks
 .text.vParTestInitialise
                0x00000606       0x16 ./ParTest/ParTest.o
                0x00000606                vParTestInitialise
 .text.vParTestToggleLED
                0x0000061c       0x2e ./ParTest/ParTest.o
                0x0000061c                vParTestToggleLED
 .text.vParTestSetLED
                0x0000064a       0x58 ./ParTest/ParTest.o
                0x0000064a                vParTestSetLED
 .text.pxPortInitialiseStack
                0x000006a2       0x96 ./FreeRTOS/Source/portable/WinAVR/ATmega2560/port.o
                0x000006a2                pxPortInitialiseStack
 .text.xPortStartScheduler
                0x00000738       0x80 ./FreeRTOS/Source/portable/WinAVR/ATmega2560/port.o
                0x00000738                xPortStartScheduler
 .text.vPortYieldFromTick
                0x000007b8       0xc6 ./FreeRTOS/Source/portable/WinAVR/ATmega2560/port.o
                0x000007b8                vPortYieldFromTick
 .text.__vector_17
                0x0000087e        0x4 ./FreeRTOS/Source/portable/WinAVR/ATmega2560/port.o
                0x0000087e                __vector_17
 .text.vPortYield
                0x00000882       0xc0 ./FreeRTOS/Source/portable/WinAVR/ATmega2560/port.o
                0x00000882                vPortYield
 .text.vPortFree
                0x00000942       0x16 ./FreeRTOS/Source/portable/MemMang/heap_1.o
                0x00000942                vPortFree
 .text.pvPortMalloc
                0x00000958       0x60 ./FreeRTOS/Source/portable/MemMang/heap_1.o
                0x00000958                pvPortMalloc
 .text.xCoRoutineRemoveFromEventList
                0x000009b8       0x4c ./FreeRTOS/Source/croutine.o
                0x000009b8                xCoRoutineRemoveFromEventList
 .text.vCoRoutineAddToDelayedList
                0x00000a04       0x74 ./FreeRTOS/Source/croutine.o
                0x00000a04                vCoRoutineAddToDelayedList
 .text.xCoRoutineCreate
                0x00000a78       0xe2 ./FreeRTOS/Source/croutine.o
                0x00000a78                xCoRoutineCreate
 .text.vListInitialise
                0x00000b5a       0x20 ./FreeRTOS/Source/list.o
                0x00000b5a                vListInitialise
 .text.vListInitialiseItem
                0x00000b7a        0x8 ./FreeRTOS/Source/list.o
                0x00000b7a                vListInitialiseItem
 .text.vListInsertEnd
                0x00000b82       0x3e ./FreeRTOS/Source/list.o
                0x00000b82                vListInsertEnd
 .text.vListInsert
                0x00000bc0       0x64 ./FreeRTOS/Source/list.o
                0x00000bc0                vListInsert
 .text.uxListRemove
                0x00000c24       0x54 ./FreeRTOS/Source/list.o
                0x00000c24                uxListRemove
 .text.prvCopyDataToQueue
                0x00000c78       0x94 ./FreeRTOS/Source/queue.o
 .text.prvCopyDataFromQueue
                0x00000d0c       0x3c ./FreeRTOS/Source/queue.o
 .text.xQueueCRReceive
                0x00000d48       0x86 ./FreeRTOS/Source/queue.o
                0x00000d48                xQueueCRReceive
 .text.xQueueCRSend
                0x00000dce       0x66 ./FreeRTOS/Source/queue.o
                0x00000dce                xQueueCRSend
 .text.uxQueueMessagesWaiting
                0x00000e34       0x2c ./FreeRTOS/Source/queue.o
                0x00000e34                uxQueueMessagesWaiting
 .text.xQueueReceiveFromISR
                0x00000e60       0x98 ./FreeRTOS/Source/queue.o
                0x00000e60                xQueueReceiveFromISR
 .text.xQueueGenericSendFromISR
                0x00000ef8       0xba ./FreeRTOS/Source/queue.o
                0x00000ef8                xQueueGenericSendFromISR
 .text.prvUnlockQueue
                0x00000fb2       0x7c ./FreeRTOS/Source/queue.o
 .text.xQueueGenericReceive
                0x0000102e      0x18e ./FreeRTOS/Source/queue.o
                0x0000102e                xQueueGenericReceive
 .text.xQueueGenericSend
                0x000011bc      0x18e ./FreeRTOS/Source/queue.o
                0x000011bc                xQueueGenericSend
 .text.xQueueGenericReset
                0x0000134a       0x94 ./FreeRTOS/Source/queue.o
                0x0000134a                xQueueGenericReset
 .text.xQueueGenericCreate
                0x000013de       0x5e ./FreeRTOS/Source/queue.o
                0x000013de                xQueueGenericCreate
 .text.vTaskSuspendAll
                0x0000143c        0xc ./FreeRTOS/Source/tasks.o
                0x0000143c                vTaskSuspendAll
 .text.xTaskGetTickCount
                0x00001448       0x16 ./FreeRTOS/Source/tasks.o
                0x00001448                xTaskGetTickCount
 .text.vTaskMissedYield
                0x0000145e        0x8 ./FreeRTOS/Source/tasks.o
                0x0000145e                vTaskMissedYield
 .text.vTaskSetTimeOutState
                0x00001466       0x30 ./FreeRTOS/Source/tasks.o
                0x00001466                vTaskSetTimeOutState
 .text.xTaskCheckForTimeOut
                0x00001496       0x8e ./FreeRTOS/Source/tasks.o
                0x00001496                xTaskCheckForTimeOut
 .text.vTaskSwitchContext
                0x00001524       0x8e ./FreeRTOS/Source/tasks.o
                0x00001524                vTaskSwitchContext
 .text.xTaskRemoveFromEventList
                0x000015b2       0x8c ./FreeRTOS/Source/tasks.o
                0x000015b2                xTaskRemoveFromEventList
 .text.xTaskIncrementTick
                0x0000163e      0x1a8 ./FreeRTOS/Source/tasks.o
                0x0000163e                xTaskIncrementTick
 .text.xTaskResumeAll
                0x000017e6      0x120 ./FreeRTOS/Source/tasks.o
                0x000017e6                xTaskResumeAll
 .text.prvIdleTask
                0x00001906       0x10 ./FreeRTOS/Source/tasks.o
 .text.prvAddCurrentTaskToDelayedList
                0x00001916       0x82 ./FreeRTOS/Source/tasks.o
 .text.vTaskDelay
                0x00001998       0x40 ./FreeRTOS/Source/tasks.o
                0x00001998                vTaskDelay
 .text.vTaskDelayUntil
                0x000019d8       0xaa ./FreeRTOS/Source/tasks.o
                0x000019d8                vTaskDelayUntil
 .text.vTaskPlaceOnEventList
                0x00001a82       0x3e ./FreeRTOS/Source/tasks.o
                0x00001a82                vTaskPlaceOnEventList
 .text.xTaskCreate
                0x00001ac0      0x1e6 ./FreeRTOS/Source/tasks.o
                0x00001ac0                xTaskCreate
 .text.vTaskStartScheduler
                0x00001ca6       0x62 ./FreeRTOS/Source/tasks.o
                0x00001ca6                vTaskStartScheduler
 .text.xArePollingQueuesStillRunning
                0x00001d08       0x1a ./FreeRTOS/Demo/Common/Minimal/PollQ.o
                0x00001d08                xArePollingQueuesStillRunning
 .text.vStartPolledQueueTasks
                0x00001d22       0x52 ./FreeRTOS/Demo/Common/Minimal/PollQ.o
                0x00001d22                vStartPolledQueueTasks
 .text.vPolledQueueProducer
                0x00001d74       0x76 ./FreeRTOS/Demo/Common/Minimal/PollQ.o
 .text.vPolledQueueConsumer
                0x00001dea       0x90 ./FreeRTOS/Demo/Common/Minimal/PollQ.o
 .text.xAreComTestTasksStillRunning
                0x00001e7a        0xe ./FreeRTOS/Demo/Common/Minimal/comtest.o
                0x00001e7a                xAreComTestTasksStillRunning
 .text.vAltStartComTestTasks
                0x00001e88       0x50 ./FreeRTOS/Demo/Common/Minimal/comtest.o
                0x00001e88                vAltStartComTestTasks
 .text.vComRxTask
                0x00001ed8       0x86 ./FreeRTOS/Demo/Common/Minimal/comtest.o
 .text.vComTxTask
                0x00001f5e       0x4a ./FreeRTOS/Demo/Common/Minimal/comtest.o
 .text.vStartFlashCoRoutines
                0x00001fa8       0x48 ./FreeRTOS/Demo/Common/Minimal/crflash.o
                0x00001fa8                vStartFlashCoRoutines
 .text.prvFlashCoRoutine
                0x00001ff0       0x8e ./FreeRTOS/Demo/Common/Minimal/crflash.o
 .text.prvFixedDelayCoRoutine
                0x0000207e       0xb6 ./FreeRTOS/Demo/Common/Minimal/crflash.o
 .text.vCompeteingIntMathTask
                0x00002134       0xbc ./FreeRTOS/Demo/Common/Minimal/integer.o
 .text.xAreIntegerMathsTaskStillRunning
                0x000021f0        0xe ./FreeRTOS/Demo/Common/Minimal/integer.o
                0x000021f0                xAreIntegerMathsTaskStillRunning
 .text.vStartIntegerMathTasks
                0x000021fe       0x26 ./FreeRTOS/Demo/Common/Minimal/integer.o
                0x000021fe                vStartIntegerMathTasks
 .text.vAssertCalled
                0x00002224        0x8 ./main.o
                0x00002224                vAssertCalled
 .text.main     0x0000222c       0x96 ./main.o
                0x0000222c                main
 .text.vErrorChecks
                0x000022c2       0x78 ./main.o
 .text.prvQueueSendTask
                0x0000233a       0x58 ./main.o
 .text.prvQueueReceiveTask
                0x00002392       0x44 ./main.o
 .text.libgcc   0x000023d6       0x3e c:/winavr-20100110/bin/../lib/gcc/avr/4.3.3/avr6\libgcc.a(_mulsi3.o)
                0x000023d6                __mulsi3
 .text.libgcc   0x00002414       0x28 c:/winavr-20100110/bin/../lib/gcc/avr/4.3.3/avr6\libgcc.a(_udivmodhi4.o)
                0x00002414                __udivmodhi4
 .text.libgcc   0x0000243c       0x44 c:/winavr-20100110/bin/../lib/gcc/avr/4.3.3/avr6\libgcc.a(_udivmodsi4.o)
                0x0000243c                __udivmodsi4
 .text.libgcc   0x00002480       0x36 c:/winavr-20100110/bin/../lib/gcc/avr/4.3.3/avr6\libgcc.a(_divmodsi4.o)
                0x00002480                __divmodsi4
 .text.avr-libc
                0x000024b6       0x12 c:/winavr-20100110/bin/../lib/gcc/avr/4.3.3/../../../../avr/lib/avr6\libc.a(memcpy.o)
                0x000024b6                memcpy
                0x000024c8                . = ALIGN (0x2)
 *(.fini9)
 .fini9         0x000024c8        0x0 c:/winavr-20100110/bin/../lib/gcc/avr/4.3.3/avr6\libgcc.a(_exit.o)
                0x000024c8                exit
                0x000024c8                _exit
 *(.fini9)
 *(.fini8)
 *(.fini8)
 *(.fini7)
 *(.fini7)
 *(.fini6)
 *(.fini6)
 *(.fini5)
 *(.fini5)
 *(.fini4)
 *(.fini4)
 *(.fini3)
 *(.fini3)
 *(.fini2)
 *(.fini2)
 *(.fini1)
 *(.fini1)
 *(.fini0)
 .fini0         0x000024c8        0x4 c:/winavr-20100110/bin/../lib/gcc/avr/4.3.3/avr6\libgcc.a(_exit.o)
 *(.fini0)
                0x000024cc                _etext = .

.data           0x00800200       0xb8 load address 0x000024cc
                0x00800200                PROVIDE (__data_start, .)
 *(.data)
 .data          0x00800200        0xa ./RegTest/regtest.o
 .data          0x0080020a       0x2d ./FreeRTOS/Source/portable/MemMang/heap_1.o
 .data          0x00800237       0x1b ./FreeRTOS/Source/queue.o
 .data          0x00800252       0x20 ./FreeRTOS/Source/tasks.o
 .data          0x00800272       0x10 ./FreeRTOS/Demo/Common/Minimal/PollQ.o
 .data          0x00800282        0xc ./FreeRTOS/Demo/Common/Minimal/comtest.o
 .data          0x0080028e        0x8 ./FreeRTOS/Demo/Common/Minimal/integer.o
 .data          0x00800296        0xc ./main.o
 *(.data*)
 .data.ucCurrentOutputValue
                0x008002a2        0x1 ./ParTest/ParTest.o
 .data.xCoRoutineFlashStatus
                0x008002a3        0x1 ./FreeRTOS/Demo/Common/Minimal/crflash.o
 .data.ulDummyVariable.1998
                0x008002a4        0x4 ./main.o
 *(.rodata)
 *(.rodata*)
 .rodata.xFlashRates.1486
                0x008002a8       0x10 ./FreeRTOS/Demo/Common/Minimal/crflash.o
 *(.gnu.linkonce.d*)
                0x008002b8                . = ALIGN (0x2)
                0x008002b8                _edata = .
                0x008002b8                PROVIDE (__data_end, .)

.bss            0x008002b8     0x1dea
                0x008002b8                PROVIDE (__bss_start, .)
 *(.bss)
 *(.bss*)
 .bss.xRxedChars
                0x008002b8        0x2 ./serial/serial.o
 .bss.xCharsForTx
                0x008002ba        0x2 ./serial/serial.o
 .bss.xRegTestError
                0x008002bc        0x1 ./RegTest/regtest.o
                0x008002bc                xRegTestError
 .bss.xNextFreeByte
                0x008002bd        0x2 ./FreeRTOS/Source/portable/MemMang/heap_1.o
 .bss.pucAlignedHeap.1632
                0x008002bf        0x2 ./FreeRTOS/Source/portable/MemMang/heap_1.o
 .bss.ucHeap    0x008002c1     0x1d4c ./FreeRTOS/Source/portable/MemMang/heap_1.o
 .bss.pxCurrentCoRoutine
                0x0080200d        0x2 ./FreeRTOS/Source/croutine.o
                0x0080200d                pxCurrentCoRoutine
 .bss.uxTopCoRoutineReadyPriority
                0x0080200f        0x1 ./FreeRTOS/Source/croutine.o
 .bss.xCoRoutineTickCount
                0x00802010        0x2 ./FreeRTOS/Source/croutine.o
 .bss.pxReadyCoRoutineLists
                0x00802012       0x12 ./FreeRTOS/Source/croutine.o
 .bss.xDelayedCoRoutineList1
                0x00802024        0x9 ./FreeRTOS/Source/croutine.o
 .bss.xDelayedCoRoutineList2
                0x0080202d        0x9 ./FreeRTOS/Source/croutine.o
 .bss.pxDelayedCoRoutineList
                0x00802036        0x2 ./FreeRTOS/Source/croutine.o
 .bss.pxOverflowDelayedCoRoutineList
                0x00802038        0x2 ./FreeRTOS/Source/croutine.o
 .bss.xPendingReadyCoRoutineList
                0x0080203a        0x9 ./FreeRTOS/Source/croutine.o
 .bss.pxCurrentTCB
                0x00802043        0x2 ./FreeRTOS/Source/tasks.o
                0x00802043                pxCurrentTCB
 .bss.uxSchedulerSuspended
                0x00802045        0x1 ./FreeRTOS/Source/tasks.o
 .bss.uxTopReadyPriority
                0x00802046        0x1 ./FreeRTOS/Source/tasks.o
 .bss.xYieldPending
                0x00802047        0x1 ./FreeRTOS/Source/tasks.o
 .bss.xTickCount
                0x00802048        0x2 ./FreeRTOS/Source/tasks.o
 .bss.xNextTaskUnblockTime
                0x0080204a        0x2 ./FreeRTOS/Source/tasks.o
 .bss.xNumOfOverflows
                0x0080204c        0x1 ./FreeRTOS/Source/tasks.o
 .bss.uxPendedTicks
                0x0080204d        0x1 ./FreeRTOS/Source/tasks.o
 .bss.uxCurrentNumberOfTasks
                0x0080204e        0x1 ./FreeRTOS/Source/tasks.o
 .bss.xSchedulerRunning
                0x0080204f        0x1 ./FreeRTOS/Source/tasks.o
 .bss.xIdleTaskHandle
                0x00802050        0x2 ./FreeRTOS/Source/tasks.o
 .bss.uxTaskNumber
                0x00802052        0x1 ./FreeRTOS/Source/tasks.o
 .bss.pxReadyTasksLists
                0x00802053       0x24 ./FreeRTOS/Source/tasks.o
 .bss.xDelayedTaskList1
                0x00802077        0x9 ./FreeRTOS/Source/tasks.o
 .bss.xDelayedTaskList2
                0x00802080        0x9 ./FreeRTOS/Source/tasks.o
 .bss.pxDelayedTaskList
                0x00802089        0x2 ./FreeRTOS/Source/tasks.o
 .bss.pxOverflowDelayedTaskList
                0x0080208b        0x2 ./FreeRTOS/Source/tasks.o
 .bss.xPendingReadyList
                0x0080208d        0x9 ./FreeRTOS/Source/tasks.o
 .bss.xPollingConsumerCount
                0x00802096        0x1 ./FreeRTOS/Demo/Common/Minimal/PollQ.o
 .bss.xPollingProducerCount
                0x00802097        0x1 ./FreeRTOS/Demo/Common/Minimal/PollQ.o
 .bss.xPolledQueue.1745
                0x00802098        0x2 ./FreeRTOS/Demo/Common/Minimal/PollQ.o
 .bss.uxRxLoops
                0x0080209a        0x1 ./FreeRTOS/Demo/Common/Minimal/comtest.o
 .bss.uxBaseLED
                0x0080209b        0x1 ./FreeRTOS/Demo/Common/Minimal/comtest.o
 .bss.xFlashQueue
                0x0080209c        0x2 ./FreeRTOS/Demo/Common/Minimal/crflash.o
 .bss.xTaskCheck
                0x0080209e        0x1 ./FreeRTOS/Demo/Common/Minimal/integer.o
 .bss.xQueue    0x0080209f        0x2 ./main.o
 .bss.xErrorHasOccurred.2005
                0x008020a1        0x1 ./main.o
 *(COMMON)
                0x008020a2                PROVIDE (__bss_end, .)
                0x000024cc                __data_load_start = LOADADDR (.data)
                0x00002584                __data_load_end = (__data_load_start + SIZEOF (.data))

.noinit         0x008020a2        0x0
                0x008020a2                PROVIDE (__noinit_start, .)
 *(.noinit*)
                0x008020a2                PROVIDE (__noinit_end, .)
                0x008020a2                _end = .
                0x008020a2                PROVIDE (__heap_start, .)

.eeprom         0x00810000        0x0
 *(.eeprom*)
                0x00810000                __eeprom_end = .

.fuse
 *(.fuse)
 *(.lfuse)
 *(.hfuse)
 *(.efuse)

.lock
 *(.lock*)

.signature
 *(.signature*)

.stab           0x00000000     0x62dc
 *(.stab)
 .stab          0x00000000      0xa20 ./serial/serial.o
                                0xae0 (size before relaxing)
 .stab          0x00000a20      0xef4 ./RegTest/regtest.o
                               0x12e4 (size before relaxing)
 .stab          0x00001914      0x30c ./ParTest/ParTest.o
                                0x75c (size before relaxing)
 .stab          0x00001c20      0x54c ./FreeRTOS/Source/portable/WinAVR/ATmega2560/port.o
                                0x9f0 (size before relaxing)
 .stab          0x0000216c      0x294 ./FreeRTOS/Source/portable/MemMang/heap_1.o
                                0x780 (size before relaxing)
 .stab          0x00002400      0x4d4 ./FreeRTOS/Source/croutine.o
                                0xb34 (size before relaxing)
 .stab          0x000028d4      0x468 ./FreeRTOS/Source/list.o
                                0x828 (size before relaxing)
 .stab          0x00002d3c     0x1140 ./FreeRTOS/Source/queue.o
                               0x1b54 (size before relaxing)
 .stab          0x00003e7c     0x1068 ./FreeRTOS/Source/tasks.o
                               0x1e84 (size before relaxing)
 .stab          0x00004ee4      0x444 ./FreeRTOS/Demo/Common/Minimal/PollQ.o
                                0x900 (size before relaxing)
 .stab          0x00005328      0x438 ./FreeRTOS/Demo/Common/Minimal/comtest.o
                                0x954 (size before relaxing)
 .stab          0x00005760      0x378 ./FreeRTOS/Demo/Common/Minimal/crflash.o
                                0x78c (size before relaxing)
 .stab          0x00005ad8      0x2f4 ./FreeRTOS/Demo/Common/Minimal/integer.o
                                0x780 (size before relaxing)
 .stab          0x00005dcc      0x510 ./main.o
                                0xa5c (size before relaxing)

.stabstr        0x00000000     0x3ec0
 *(.stabstr)
 .stabstr       0x00000000     0x3ec0 ./serial/serial.o

.stab.excl
 *(.stab.excl)

.stab.exclstr
 *(.stab.exclstr)

.stab.index
 *(.stab.index)

.stab.indexstr
 *(.stab.indexstr)

.comment
 *(.comment)

.debug
 *(.debug)

.line
 *(.line)

.debug_srcinfo
 *(.debug_srcinfo)

.debug_sfnames
 *(.debug_sfnames)

.debug_aranges
 *(.debug_aranges)

.debug_pubnames
 *(.debug_pubnames)

.debug_info
 *(.debug_info)
 *(.gnu.linkonce.wi.*)

.debug_abbrev
 *(.debug_abbrev)

.debug_line
 *(.debug_line)

.debug_frame
 *(.debug_frame)

.debug_str
 *(.debug_str)

.debug_loc
 *(.debug_loc)

.debug_macinfo
 *(.debug_macinfo)
OUTPUT(FreeRTOS_ArduinoMEGA-Demo_AVR323.elf elf32-avr)
LOAD linker stubs

Cross Reference Table

Symbol                                            File
__bad_interrupt                                   c:/winavr-20100110/bin/../lib/gcc/avr/4.3.3/../../../../avr/lib/avr6/crtm2560.o
__bss_end                                         c:/winavr-20100110/bin/../lib/gcc/avr/4.3.3/avr6\libgcc.a(_clear_bss.o)
__bss_start                                       c:/winavr-20100110/bin/../lib/gcc/avr/4.3.3/avr6\libgcc.a(_clear_bss.o)
__data_end                                        c:/winavr-20100110/bin/../lib/gcc/avr/4.3.3/../../../../avr/lib/avr6/crtm2560.o
__data_load_start                                 c:/winavr-20100110/bin/../lib/gcc/avr/4.3.3/../../../../avr/lib/avr6/crtm2560.o
__data_start                                      c:/winavr-20100110/bin/../lib/gcc/avr/4.3.3/../../../../avr/lib/avr6/crtm2560.o
__divmodsi4                                       c:/winavr-20100110/bin/../lib/gcc/avr/4.3.3/avr6\libgcc.a(_divmodsi4.o)
                                                  ./FreeRTOS/Demo/Common/Minimal/integer.o
__do_clear_bss                                    c:/winavr-20100110/bin/../lib/gcc/avr/4.3.3/avr6\libgcc.a(_clear_bss.o)
                                                  ./main.o
                                                  ./FreeRTOS/Demo/Common/Minimal/integer.o
                                                  ./FreeRTOS/Demo/Common/Minimal/crflash.o
                                                  ./FreeRTOS/Demo/Common/Minimal/comtest.o
                                                  ./FreeRTOS/Demo/Common/Minimal/PollQ.o
                                                  ./FreeRTOS/Source/tasks.o
                                                  ./FreeRTOS/Source/croutine.o
                                                  ./FreeRTOS/Source/portable/MemMang/heap_1.o
                                                  ./RegTest/regtest.o
                                                  ./serial/serial.o
__do_copy_data                                    c:/winavr-20100110/bin/../lib/gcc/avr/4.3.3/../../../../avr/lib/avr6/crtm2560.o
                                                  ./main.o
                                                  ./FreeRTOS/Demo/Common/Minimal/integer.o
                                                  ./FreeRTOS/Demo/Common/Minimal/crflash.o
                                                  ./FreeRTOS/Demo/Common/Minimal/comtest.o
                                                  ./FreeRTOS/Demo/Common/Minimal/PollQ.o
                                                  ./FreeRTOS/Source/tasks.o
                                                  ./FreeRTOS/Source/queue.o
                                                  ./FreeRTOS/Source/portable/MemMang/heap_1.o
                                                  ./ParTest/ParTest.o
                                                  ./RegTest/regtest.o
__heap_end                                        c:/winavr-20100110/bin/../lib/gcc/avr/4.3.3/../../../../avr/lib/avr6/crtm2560.o
__init                                            c:/winavr-20100110/bin/../lib/gcc/avr/4.3.3/../../../../avr/lib/avr6/crtm2560.o
__mulsi3                                          c:/winavr-20100110/bin/../lib/gcc/avr/4.3.3/avr6\libgcc.a(_mulsi3.o)
                                                  ./FreeRTOS/Demo/Common/Minimal/integer.o
__stack                                           c:/winavr-20100110/bin/../lib/gcc/avr/4.3.3/../../../../avr/lib/avr6/crtm2560.o
__udivmodhi4                                      c:/winavr-20100110/bin/../lib/gcc/avr/4.3.3/avr6\libgcc.a(_udivmodhi4.o)
                                                  ./FreeRTOS/Demo/Common/Minimal/comtest.o
__udivmodsi4                                      c:/winavr-20100110/bin/../lib/gcc/avr/4.3.3/avr6\libgcc.a(_udivmodsi4.o)
                                                  c:/winavr-20100110/bin/../lib/gcc/avr/4.3.3/avr6\libgcc.a(_divmodsi4.o)
                                                  ./serial/serial.o
__vector_1                                        c:/winavr-20100110/bin/../lib/gcc/avr/4.3.3/../../../../avr/lib/avr6/crtm2560.o
__vector_10                                       c:/winavr-20100110/bin/../lib/gcc/avr/4.3.3/../../../../avr/lib/avr6/crtm2560.o
__vector_11                                       c:/winavr-20100110/bin/../lib/gcc/avr/4.3.3/../../../../avr/lib/avr6/crtm2560.o
__vector_12                                       c:/winavr-20100110/bin/../lib/gcc/avr/4.3.3/../../../../avr/lib/avr6/crtm2560.o
__vector_13                                       c:/winavr-20100110/bin/../lib/gcc/avr/4.3.3/../../../../avr/lib/avr6/crtm2560.o
__vector_14                                       c:/winavr-20100110/bin/../lib/gcc/avr/4.3.3/../../../../avr/lib/avr6/crtm2560.o
__vector_15                                       c:/winavr-20100110/bin/../lib/gcc/avr/4.3.3/../../../../avr/lib/avr6/crtm2560.o
__vector_16                                       c:/winavr-20100110/bin/../lib/gcc/avr/4.3.3/../../../../avr/lib/avr6/crtm2560.o
__vector_17                                       ./FreeRTOS/Source/portable/WinAVR/ATmega2560/port.o
                                                  c:/winavr-20100110/bin/../lib/gcc/avr/4.3.3/../../../../avr/lib/avr6/crtm2560.o
__vector_18                                       c:/winavr-20100110/bin/../lib/gcc/avr/4.3.3/../../../../avr/lib/avr6/crtm2560.o
__vector_19                                       c:/winavr-20100110/bin/../lib/gcc/avr/4.3.3/../../../../avr/lib/avr6/crtm2560.o
__vector_2                                        c:/winavr-20100110/bin/../lib/gcc/avr/4.3.3/../../../../avr/lib/avr6/crtm2560.o
__vector_20                                       c:/winavr-20100110/bin/../lib/gcc/avr/4.3.3/../../../../avr/lib/avr6/crtm2560.o
__vector_21                                       c:/winavr-20100110/bin/../lib/gcc/avr/4.3.3/../../../../avr/lib/avr6/crtm2560.o
__vector_22                                       c:/winavr-20100110/bin/../lib/gcc/avr/4.3.3/../../../../avr/lib/avr6/crtm2560.o
__vector_23                                       c:/winavr-20100110/bin/../lib/gcc/avr/4.3.3/../../../../avr/lib/avr6/crtm2560.o
__vector_24                                       c:/winavr-20100110/bin/../lib/gcc/avr/4.3.3/../../../../avr/lib/avr6/crtm2560.o
__vector_25                                       ./serial/serial.o
                                                  c:/winavr-20100110/bin/../lib/gcc/avr/4.3.3/../../../../avr/lib/avr6/crtm2560.o
__vector_26                                       ./serial/serial.o
                                                  c:/winavr-20100110/bin/../lib/gcc/avr/4.3.3/../../../../avr/lib/avr6/crtm2560.o
__vector_27                                       c:/winavr-20100110/bin/../lib/gcc/avr/4.3.3/../../../../avr/lib/avr6/crtm2560.o
__vector_28                                       c:/winavr-20100110/bin/../lib/gcc/avr/4.3.3/../../../../avr/lib/avr6/crtm2560.o
__vector_29                                       c:/winavr-20100110/bin/../lib/gcc/avr/4.3.3/../../../../avr/lib/avr6/crtm2560.o
__vector_3                                        c:/winavr-20100110/bin/../lib/gcc/avr/4.3.3/../../../../avr/lib/avr6/crtm2560.o
__vector_30                                       c:/winavr-20100110/bin/../lib/gcc/avr/4.3.3/../../../../avr/lib/avr6/crtm2560.o
__vector_31                                       c:/winavr-20100110/bin/../lib/gcc/avr/4.3.3/../../../../avr/lib/avr6/crtm2560.o
__vector_32                                       c:/winavr-20100110/bin/../lib/gcc/avr/4.3.3/../../../../avr/lib/avr6/crtm2560.o
__vector_33                                       c:/winavr-20100110/bin/../lib/gcc/avr/4.3.3/../../../../avr/lib/avr6/crtm2560.o
__vector_34                                       c:/winavr-20100110/bin/../lib/gcc/avr/4.3.3/../../../../avr/lib/avr6/crtm2560.o
__vector_35                                       c:/winavr-20100110/bin/../lib/gcc/avr/4.3.3/../../../../avr/lib/avr6/crtm2560.o
__vector_36                                       c:/winavr-20100110/bin/../lib/gcc/avr/4.3.3/../../../../avr/lib/avr6/crtm2560.o
__vector_37                                       c:/winavr-20100110/bin/../lib/gcc/avr/4.3.3/../../../../avr/lib/avr6/crtm2560.o
__vector_38                                       c:/winavr-20100110/bin/../lib/gcc/avr/4.3.3/../../../../avr/lib/avr6/crtm2560.o
__vector_39                                       c:/winavr-20100110/bin/../lib/gcc/avr/4.3.3/../../../../avr/lib/avr6/crtm2560.o
__vector_4                                        c:/winavr-20100110/bin/../lib/gcc/avr/4.3.3/../../../../avr/lib/avr6/crtm2560.o
__vector_40                                       c:/winavr-20100110/bin/../lib/gcc/avr/4.3.3/../../../../avr/lib/avr6/crtm2560.o
__vector_41                                       c:/winavr-20100110/bin/../lib/gcc/avr/4.3.3/../../../../avr/lib/avr6/crtm2560.o
__vector_42                                       c:/winavr-20100110/bin/../lib/gcc/avr/4.3.3/../../../../avr/lib/avr6/crtm2560.o
__vector_43                                       c:/winavr-20100110/bin/../lib/gcc/avr/4.3.3/../../../../avr/lib/avr6/crtm2560.o
__vector_44                                       c:/winavr-20100110/bin/../lib/gcc/avr/4.3.3/../../../../avr/lib/avr6/crtm2560.o
__vector_45                                       c:/winavr-20100110/bin/../lib/gcc/avr/4.3.3/../../../../avr/lib/avr6/crtm2560.o
__vector_46                                       c:/winavr-20100110/bin/../lib/gcc/avr/4.3.3/../../../../avr/lib/avr6/crtm2560.o
__vector_47                                       c:/winavr-20100110/bin/../lib/gcc/avr/4.3.3/../../../../avr/lib/avr6/crtm2560.o
__vector_48                                       c:/winavr-20100110/bin/../lib/gcc/avr/4.3.3/../../../../avr/lib/avr6/crtm2560.o
__vector_49                                       c:/winavr-20100110/bin/../lib/gcc/avr/4.3.3/../../../../avr/lib/avr6/crtm2560.o
__vector_5                                        c:/winavr-20100110/bin/../lib/gcc/avr/4.3.3/../../../../avr/lib/avr6/crtm2560.o
__vector_50                                       c:/winavr-20100110/bin/../lib/gcc/avr/4.3.3/../../../../avr/lib/avr6/crtm2560.o
__vector_51                                       c:/winavr-20100110/bin/../lib/gcc/avr/4.3.3/../../../../avr/lib/avr6/crtm2560.o
__vector_52                                       c:/winavr-20100110/bin/../lib/gcc/avr/4.3.3/../../../../avr/lib/avr6/crtm2560.o
__vector_53                                       c:/winavr-20100110/bin/../lib/gcc/avr/4.3.3/../../../../avr/lib/avr6/crtm2560.o
__vector_54                                       c:/winavr-20100110/bin/../lib/gcc/avr/4.3.3/../../../../avr/lib/avr6/crtm2560.o
__vector_55                                       c:/winavr-20100110/bin/../lib/gcc/avr/4.3.3/../../../../avr/lib/avr6/crtm2560.o
__vector_56                                       c:/winavr-20100110/bin/../lib/gcc/avr/4.3.3/../../../../avr/lib/avr6/crtm2560.o
__vector_6                                        c:/winavr-20100110/bin/../lib/gcc/avr/4.3.3/../../../../avr/lib/avr6/crtm2560.o
__vector_7                                        c:/winavr-20100110/bin/../lib/gcc/avr/4.3.3/../../../../avr/lib/avr6/crtm2560.o
__vector_8                                        c:/winavr-20100110/bin/../lib/gcc/avr/4.3.3/../../../../avr/lib/avr6/crtm2560.o
__vector_9                                        c:/winavr-20100110/bin/../lib/gcc/avr/4.3.3/../../../../avr/lib/avr6/crtm2560.o
__vector_default                                  c:/winavr-20100110/bin/../lib/gcc/avr/4.3.3/../../../../avr/lib/avr6/crtm2560.o
__vectors                                         c:/winavr-20100110/bin/../lib/gcc/avr/4.3.3/../../../../avr/lib/avr6/crtm2560.o
_exit                                             c:/winavr-20100110/bin/../lib/gcc/avr/4.3.3/avr6\libgcc.a(_exit.o)
exit                                              c:/winavr-20100110/bin/../lib/gcc/avr/4.3.3/avr6\libgcc.a(_exit.o)
                                                  c:/winavr-20100110/bin/../lib/gcc/avr/4.3.3/../../../../avr/lib/avr6/crtm2560.o
main                                              ./main.o
                                                  c:/winavr-20100110/bin/../lib/gcc/avr/4.3.3/../../../../avr/lib/avr6/crtm2560.o
memcpy                                            c:/winavr-20100110/bin/../lib/gcc/avr/4.3.3/../../../../avr/lib/avr6\libc.a(memcpy.o)
                                                  ./FreeRTOS/Source/queue.o
pcTaskGetName                                     ./FreeRTOS/Source/tasks.o
pvPortMalloc                                      ./FreeRTOS/Source/portable/MemMang/heap_1.o
                                                  ./FreeRTOS/Source/tasks.o
                                                  ./FreeRTOS/Source/queue.o
                                                  ./FreeRTOS/Source/croutine.o
pxCurrentCoRoutine                                ./FreeRTOS/Source/croutine.o
pxCurrentTCB                                      ./FreeRTOS/Source/tasks.o
                                                  ./FreeRTOS/Source/portable/WinAVR/ATmega2560/port.o
pxPortInitialiseStack                             ./FreeRTOS/Source/portable/WinAVR/ATmega2560/port.o
                                                  ./FreeRTOS/Source/tasks.o
ulTaskNotifyTake                                  ./FreeRTOS/Source/tasks.o
uxListRemove                                      ./FreeRTOS/Source/list.o
                                                  ./FreeRTOS/Source/tasks.o
                                                  ./FreeRTOS/Source/croutine.o
uxQueueMessagesWaiting                            ./FreeRTOS/Source/queue.o
                                                  ./FreeRTOS/Demo/Common/Minimal/PollQ.o
uxQueueMessagesWaitingFromISR                     ./FreeRTOS/Source/queue.o
uxQueueSpacesAvailable                            ./FreeRTOS/Source/queue.o
uxTaskGetNumberOfTasks                            ./FreeRTOS/Source/tasks.o
uxTaskResetEventItemValue                         ./FreeRTOS/Source/tasks.o
vAltStartComTestTasks                             ./FreeRTOS/Demo/Common/Minimal/comtest.o
                                                  ./main.o
vAssertCalled                                     ./main.o
                                                  ./FreeRTOS/Source/tasks.o
                                                  ./FreeRTOS/Source/queue.o
                                                  ./FreeRTOS/Source/portable/MemMang/heap_1.o
vCoRoutineAddToDelayedList                        ./FreeRTOS/Source/croutine.o
                                                  ./FreeRTOS/Demo/Common/Minimal/crflash.o
                                                  ./FreeRTOS/Source/queue.o
vCoRoutineSchedule                                ./FreeRTOS/Source/croutine.o
vListInitialise                                   ./FreeRTOS/Source/list.o
                                                  ./FreeRTOS/Source/tasks.o
                                                  ./FreeRTOS/Source/queue.o
                                                  ./FreeRTOS/Source/croutine.o
vListInitialiseItem                               ./FreeRTOS/Source/list.o
                                                  ./FreeRTOS/Source/tasks.o
                                                  ./FreeRTOS/Source/croutine.o
vListInsert                                       ./FreeRTOS/Source/list.o
                                                  ./FreeRTOS/Source/tasks.o
                                                  ./FreeRTOS/Source/croutine.o
vListInsertEnd                                    ./FreeRTOS/Source/list.o
                                                  ./FreeRTOS/Source/tasks.o
                                                  ./FreeRTOS/Source/croutine.o
vParTestInitialise                                ./ParTest/ParTest.o
                                                  ./main.o
vParTestSetLED                                    ./ParTest/ParTest.o
                                                  ./main.o
                                                  ./FreeRTOS/Demo/Common/Minimal/comtest.o
vParTestToggleLED                                 ./ParTest/ParTest.o
                                                  ./main.o
                                                  ./FreeRTOS/Demo/Common/Minimal/crflash.o
                                                  ./FreeRTOS/Demo/Common/Minimal/comtest.o
vPortEndScheduler                                 ./FreeRTOS/Source/portable/WinAVR/ATmega2560/port.o
                                                  ./FreeRTOS/Source/tasks.o
vPortFree                                         ./FreeRTOS/Source/portable/MemMang/heap_1.o
                                                  ./FreeRTOS/Source/tasks.o
                                                  ./FreeRTOS/Source/queue.o
vPortInitialiseBlocks                             ./FreeRTOS/Source/portable/MemMang/heap_1.o
vPortYield                                        ./FreeRTOS/Source/portable/WinAVR/ATmega2560/port.o
                                                  ./FreeRTOS/Source/tasks.o
                                                  ./FreeRTOS/Source/queue.o
                                                  ./serial/serial.o
vPortYieldFromTick                                ./FreeRTOS/Source/portable/WinAVR/ATmega2560/port.o
vQueueDelete                                      ./FreeRTOS/Source/queue.o
vSerialClose                                      ./serial/serial.o
vStartFlashCoRoutines                             ./FreeRTOS/Demo/Common/Minimal/crflash.o
                                                  ./main.o
vStartIntegerMathTasks                            ./FreeRTOS/Demo/Common/Minimal/integer.o
                                                  ./main.o
vStartPolledQueueTasks                            ./FreeRTOS/Demo/Common/Minimal/PollQ.o
                                                  ./main.o
vStartRegTestTasks                                ./RegTest/regtest.o
                                                  ./main.o
vTaskDelay                                        ./FreeRTOS/Source/tasks.o
                                                  ./main.o
                                                  ./FreeRTOS/Demo/Common/Minimal/comtest.o
                                                  ./FreeRTOS/Demo/Common/Minimal/PollQ.o
vTaskDelayUntil                                   ./FreeRTOS/Source/tasks.o
                                                  ./main.o
vTaskEndScheduler                                 ./FreeRTOS/Source/tasks.o
vTaskMissedYield                                  ./FreeRTOS/Source/tasks.o
                                                  ./FreeRTOS/Source/queue.o
vTaskNotifyGiveFromISR                            ./FreeRTOS/Source/tasks.o
vTaskPlaceOnEventList                             ./FreeRTOS/Source/tasks.o
                                                  ./FreeRTOS/Source/queue.o
vTaskPlaceOnUnorderedEventList                    ./FreeRTOS/Source/tasks.o
vTaskSetTimeOutState                              ./FreeRTOS/Source/tasks.o
                                                  ./FreeRTOS/Source/queue.o
vTaskStartScheduler                               ./FreeRTOS/Source/tasks.o
                                                  ./main.o
vTaskSuspendAll                                   ./FreeRTOS/Source/tasks.o
                                                  ./FreeRTOS/Source/queue.o
                                                  ./FreeRTOS/Source/portable/MemMang/heap_1.o
                                                  ./ParTest/ParTest.o
vTaskSwitchContext                                ./FreeRTOS/Source/tasks.o
                                                  ./FreeRTOS/Source/portable/WinAVR/ATmega2560/port.o
xAreComTestTasksStillRunning                      ./FreeRTOS/Demo/Common/Minimal/comtest.o
                                                  ./main.o
xAreFlashCoRoutinesStillRunning                   ./FreeRTOS/Demo/Common/Minimal/crflash.o
xAreIntegerMathsTaskStillRunning                  ./FreeRTOS/Demo/Common/Minimal/integer.o
                                                  ./main.o
xArePollingQueuesStillRunning                     ./FreeRTOS/Demo/Common/Minimal/PollQ.o
                                                  ./main.o
xAreRegTestTasksStillRunning                      ./RegTest/regtest.o
                                                  ./main.o
xCoRoutineCreate                                  ./FreeRTOS/Source/croutine.o
                                                  ./FreeRTOS/Demo/Common/Minimal/crflash.o
xCoRoutineRemoveFromEventList                     ./FreeRTOS/Source/croutine.o
                                                  ./FreeRTOS/Source/queue.o
xPortGetFreeHeapSize                              ./FreeRTOS/Source/portable/MemMang/heap_1.o
xPortStartScheduler                               ./FreeRTOS/Source/portable/WinAVR/ATmega2560/port.o
                                                  ./FreeRTOS/Source/tasks.o
xQueueCRReceive                                   ./FreeRTOS/Source/queue.o
                                                  ./FreeRTOS/Demo/Common/Minimal/crflash.o
xQueueCRReceiveFromISR                            ./FreeRTOS/Source/queue.o
xQueueCRSend                                      ./FreeRTOS/Source/queue.o
                                                  ./FreeRTOS/Demo/Common/Minimal/crflash.o
xQueueCRSendFromISR                               ./FreeRTOS/Source/queue.o
xQueueGenericCreate                               ./FreeRTOS/Source/queue.o
                                                  ./main.o
                                                  ./FreeRTOS/Demo/Common/Minimal/crflash.o
                                                  ./FreeRTOS/Demo/Common/Minimal/PollQ.o
                                                  ./serial/serial.o
xQueueGenericReceive                              ./FreeRTOS/Source/queue.o
                                                  ./main.o
                                                  ./FreeRTOS/Demo/Common/Minimal/PollQ.o
                                                  ./serial/serial.o
xQueueGenericReset                                ./FreeRTOS/Source/queue.o
xQueueGenericSend                                 ./FreeRTOS/Source/queue.o
                                                  ./main.o
                                                  ./FreeRTOS/Demo/Common/Minimal/PollQ.o
                                                  ./serial/serial.o
xQueueGenericSendFromISR                          ./FreeRTOS/Source/queue.o
                                                  ./serial/serial.o
xQueueGiveFromISR                                 ./FreeRTOS/Source/queue.o
xQueueIsQueueEmptyFromISR                         ./FreeRTOS/Source/queue.o
xQueueIsQueueFullFromISR                          ./FreeRTOS/Source/queue.o
xQueuePeekFromISR                                 ./FreeRTOS/Source/queue.o
xQueueReceiveFromISR                              ./FreeRTOS/Source/queue.o
                                                  ./serial/serial.o
xRegTestError                                     ./RegTest/regtest.o
xSerialGetChar                                    ./serial/serial.o
                                                  ./FreeRTOS/Demo/Common/Minimal/comtest.o
xSerialPortInitMinimal                            ./serial/serial.o
                                                  ./FreeRTOS/Demo/Common/Minimal/comtest.o
xSerialPutChar                                    ./serial/serial.o
                                                  ./FreeRTOS/Demo/Common/Minimal/comtest.o
xTaskCheckForTimeOut                              ./FreeRTOS/Source/tasks.o
                                                  ./FreeRTOS/Source/queue.o
xTaskCreate                                       ./FreeRTOS/Source/tasks.o
                                                  ./main.o
                                                  ./FreeRTOS/Demo/Common/Minimal/integer.o
                                                  ./FreeRTOS/Demo/Common/Minimal/comtest.o
                                                  ./FreeRTOS/Demo/Common/Minimal/PollQ.o
                                                  ./RegTest/regtest.o
xTaskGenericNotify                                ./FreeRTOS/Source/tasks.o
xTaskGenericNotifyFromISR                         ./FreeRTOS/Source/tasks.o
xTaskGetTickCount                                 ./FreeRTOS/Source/tasks.o
                                                  ./main.o
                                                  ./FreeRTOS/Demo/Common/Minimal/comtest.o
                                                  ./FreeRTOS/Source/croutine.o
xTaskGetTickCountFromISR                          ./FreeRTOS/Source/tasks.o
xTaskIncrementTick                                ./FreeRTOS/Source/tasks.o
                                                  ./FreeRTOS/Source/portable/WinAVR/ATmega2560/port.o
xTaskNotifyStateClear                             ./FreeRTOS/Source/tasks.o
xTaskNotifyWait                                   ./FreeRTOS/Source/tasks.o
xTaskRemoveFromEventList                          ./FreeRTOS/Source/tasks.o
                                                  ./FreeRTOS/Source/queue.o
xTaskRemoveFromUnorderedEventList                 ./FreeRTOS/Source/tasks.o
xTaskResumeAll                                    ./FreeRTOS/Source/tasks.o
                                                  ./FreeRTOS/Source/queue.o
                                                  ./FreeRTOS/Source/portable/MemMang/heap_1.o
                                                  ./ParTest/ParTest.o
